[i] admin pgm using SDR parm overrides from amroc.ionconfig.
wmKey:           66236
wmSize:          1000000
wmAddress:       0
sdrName:        'ion2'
sdrWmSize:       0
configFlags:     1
heapWords:       1000000
heapKey:         -1
logSize:         0
logKey:          -1
pathName:       '/usr/ion'
[?] No such directory; disabling heap residence in file and transaction reversibility: /usr/ion
Stopping ionadmin.
Stopping ionadmin.
Stopping ionsecadmin.
Stopping ltpadmin.
Stopping ipnadmin.
Stopping bpadmin.
bcdeeeeeeeeeeeeeeeeeeeeeeeeeeeeeeeeeeeeeeeeeeeeeeeeeeeeeeeeeeeeeeeefNOTE: udplso now gets transmission data rate from the contact plan.  txbps is still accepted on the command line, for backward compatibility, but it is ignored.
gggggggggggggggggggggggggggggggggat 2022/04/24-19:51:49 owlt got a dg of length 1199 from * destined for 3.
at 2022/04/24-19:51:49 owlt RANDOMLY DROPPED a dg of length 1199 from * destined for 3.
at 2022/04/24-19:51:49 owlt sent a dg of length 1199 from * destined for 3.
at 2022/04/24-19:51:49 owlt got a dg of length 1199 from * destined for 3.
at 2022/04/24-19:51:49 owlt sent a dg of length 1199 from * destined for 3.
at 2022/04/24-19:51:49 owlt RANDOMLY DROPPED a dg of length 1199 from * destined for 3.
at 2022/04/24-19:51:49 owlt got a dg of length 1199 from * destined for 3.
at 2022/04/24-19:51:49 owlt sent a dg of length 1199 from * destined for 3.
at 2022/04/24-19:51:49 owlt got a dg of length 1199 from * destined for 3.
at 2022/04/24-19:51:49 owlt sent a dg of length 1199 from * destined for 3.
at 2022/04/24-19:51:49 owlt RANDOMLY DROPPED a dg of length 1199 from * destined for 3.
at 2022/04/24-19:51:49 owlt got a dg of length 1199 from * destined for 3.
at 2022/04/24-19:51:49 owlt sent a dg of length 1199 from * destined for 3.
at 2022/04/24-19:51:49 owlt got a dg of length 1199 from * destined for 3.
at 2022/04/24-19:51:49 owlt sent a dg of length 1199 from * destined for 3.
at 2022/04/24-19:51:50 owlt got a dg of length 1199 from * destined for 3.
at 2022/04/24-19:51:50 owlt sent a dg of length 1199 from * destined for 3.
at 2022/04/24-19:51:50 owlt got a dg of length 1199 from * destined for 3.
at 2022/04/24-19:51:50 owlt sent a dg of length 1199 from * destined for 3.
at 2022/04/24-19:51:50 owlt got a dg of length 1199 from * destined for 3.
at 2022/04/24-19:51:50 owlt sent a dg of length 1199 from * destined for 3.
at 2022/04/24-19:51:50 owlt RANDOMLY DROPPED a dg of length 1199 from * destined for 3.
at 2022/04/24-19:51:50 owlt RANDOMLY DROPPED a dg of length 1199 from * destined for 3.
at 2022/04/24-19:51:50 owlt got a dg of length 1199 from * destined for 3.
at 2022/04/24-19:51:50 owlt sent a dg of length 1199 from * destined for 3.
at 2022/04/24-19:51:50 owlt RANDOMLY DROPPED a dg of length 1199 from * destined for 3.
at 2022/04/24-19:51:50 owlt RANDOMLY DROPPED a dg of length 1199 from * destined for 3.
at 2022/04/24-19:51:51 owlt got a dg of length 1199 from * destined for 3.
at 2022/04/24-19:51:51 owlt sent a dg of length 1199 from * destined for 3.
at 2022/04/24-19:51:51 owlt got a dg of length 1199 from * destined for 3.
at 2022/04/24-19:51:51 owlt sent a dg of length 1199 from * destined for 3.
at 2022/04/24-19:51:51 owlt RANDOMLY DROPPED a dg of length 1199 from * destined for 3.
at 2022/04/24-19:51:51 owlt got a dg of length 1199 from * destined for 3.
at 2022/04/24-19:51:51 owlt sent a dg of length 1199 from * destined for 3.
at 2022/04/24-19:51:51 owlt got a dg of length 1199 from * destined for 3.
at 2022/04/24-19:51:51 owlt sent a dg of length 1199 from * destined for 3.
at 2022/04/24-19:51:51 owlt got a dg of length 1199 from * destined for 3.
at 2022/04/24-19:51:51 owlt sent a dg of length 1199 from * destined for 3.
at 2022/04/24-19:51:51 owlt RANDOMLY DROPPED a dg of length 1199 from * destined for 3.
at 2022/04/24-19:51:51 owlt RANDOMLY DROPPED a dg of length 1199 from * destined for 3.
at 2022/04/24-19:51:52 owlt got a dg of length 1199 from * destined for 3.
at 2022/04/24-19:51:52 owlt sent a dg of length 1199 from * destined for 3.
at 2022/04/24-19:51:52 owlt RANDOMLY DROPPED a dg of length 1199 from * destined for 3.
at 2022/04/24-19:51:52 owlt got a dg of length 1199 from * destined for 3.
at 2022/04/24-19:51:52 owlt sent a dg of length 1199 from * destined for 3.
at 2022/04/24-19:51:52 owlt got a dg of length 1199 from * destined for 3.
at 2022/04/24-19:51:52 owlt sent a dg of length 1199 from * destined for 3.
at 2022/04/24-19:51:52 owlt RANDOMLY DROPPED a dg of length 1199 from * destined for 3.
at 2022/04/24-19:51:52 owlt got a dg of length 1199 from * destined for 3.
at 2022/04/24-19:51:52 owlt sent a dg of length 1199 from * destined for 3.
at 2022/04/24-19:51:52 owlt got a dg of length 1199 from * destined for 3.
at 2022/04/24-19:51:52 owlt sent a dg of length 1199 from * destined for 3.
at 2022/04/24-19:51:gggggggggggggggggggggggggggggggssssssssssssssssssssssssssssssssssssssssssssssssssssssssssssssssyzNOTE: udplso now gets transmission data rate from the contact plan.  txbps is still accepted on the command line, for backward compatibility, but it is ignored.
52 owlt RANDOMLY DROPPED a dg of length 1199 from * destined for 3.
at 2022/04/24-19:51:52 owlt got a dg of length 1199 from * destined for 3.
at 2022/04/24-19:51:53 owlt sent a dg of length 1199 from * destined for 3.
at 2022/04/24-19:51:53 owlt got a dg of length 1199 from * destined for 3.
at 2022/04/24-19:51:53 owlt sent a dg of length 1199 from * destined for 3.
at 2022/04/24-19:51:53 owlt RANDOMLY DROPPED a dg of length 1199 from * destined for 3.
at 2022/04/24-19:51:53 owlt got a dg of length 1199 from * destined for 3.
at 2022/04/24-19:51:53 owlt sent a dg of length 1199 from * destined for 3.
at 2022/04/24-19:51:53 owlt got a dg of length 1199 from * destined for 3.
at 2022/04/24-19:51:53 owlt sent a dg of length 1199 from * destined for 3.
at 2022/04/24-19:51:53 owlt RANDOMLY DROPPED a dg of length 1199 from * destined for 3.
at 2022/04/24-19:51:53 owlt RANDOMLY DROPPED a dg of length 1199 from * destined for 3.
at 2022/04/24-19:51:53 owlt RANDOMLY DROPPED a dg of length 1199 from * destined for 3.
at 2022/04/24-19:51:53 owlt got a dg of length 1199 from * destined for 3.
at 2022/04/24-19:51:54 owlt sent a dg of length 1199 from * destined for 3.
at 2022/04/24-19:51:54 owlt got a dg of length 1199 from * destined for 3.
at 2022/04/24-19:51:54 owlt sent a dg of length 1199 from * destined for 3.
at 2022/04/24-19:51:54 owlt got a dg of length 1199 from * destined for 3.
at 2022/04/24-19:51:54 owlt sent a dg of length 1199 from * destined for 3.
at 2022/04/24-19:51:54 owlt got a dg of length 1199 from * destined for 3.
at 2022/04/24-19:51:54 owlt sent a dg of length 1199 from * destined for 3.
at 2022/04/24-19:51:54 owlt RANDOMLY DROPPED a dg of length 1199 from * destined for 3.
at 2022/04/24-19:51:54 owlt got a dg of length 1199 from * destined for 3.
at 2022/04/24-19:51:54 owlt sent a dg of length 1199 from * destined for 3.
at 2022/04/24-19:51:54 owlt got a dg of length 1199 from * destined for 3.
at 2022/04/24-19:51:54 owlt sent a dg of length 1199 from * destined for 3.
at 2022/04/24-19:51:54 owlt RANDOMLY DROPPED a dg of length 1199 from * destined for 3.
at 2022/04/24-19:51:54 owlt RANDOMLY DROPPED a dg of length 1199 from * destined for 3.
at 2022/04/24-19:51:55 owlt got a dg of length 1200 from * destined for 3.
at 2022/04/24-19:51:55 owlt sent a dg of length 1200 from * destined for 3.
at 2022/04/24-19:51:55 owlt got a dg of length 1200 from * destined for 3.
at 2022/04/24-19:51:55 owlt sent a dg of length 1200 from * destined for 3.
at 2022/04/24-19:51:55 owlt RANDOMLY DROPPED a dg of length 1200 from * destined for 3.
at 2022/04/24-19:51:55 owlt got a dg of length 1200 from * destined for 3.
at 2022/04/24-19:51:55 owlt sent a dg of length 1200 from * destined for 3.
at 2022/04/24-19:51:55 owlt got a dg of length 1200 from * destined for 3.
at 2022/04/24-19:51:55 owlt sent a dg of length 1200 from * destined for 3.
at 2022/04/24-19:51:55 owlt got a dg of length 1200 from * destined for 3.
at 2022/04/24-19:51:55 owlt sent a dg of length 1200 from * destined for 3.
at 2022/04/24-19:51:55 owlt RANDOMLY DROPPED a dg of length 1200 from * destined for 3.
at 2022/04/24-19:51:55 owlt got a dg of length 1200 from * destined for 3.
at 2022/04/24-19:51:55 owlt sent a dg of length 1200 from * destined for 3.
at 2022/04/24-19:51:56 owlt got a dg of length 1200 from * destined for 3.
at 2022/04/24-19:51:56 owlt sent a dg of length 1200 from * destined for 3.
at 2022/04/24-19:51:56 owlt RANDOMLY DROPPED a dg of length 1200 from * destined for 3.
at 2022/04/24-19:51:56 owlt RANDOMLY DROPPED a dg of length 1200 from * destined for 3.
at 2022/04/24-19:51:56 owlt RANDOMLY DROPPED a dg of length 1200 from * destined for 3.
at 2022/04/24-19:51:56 owlt RANDOMLY DROPPED a dg of length 1200 from * destined for 3.
at 2022/04/24-19:51:56 owlt got a dg of length 776 from * destined for 3.
at 2022/04/24-19:51:56 owlt sent a dg of length 776 from * destined for 3.
at line 1922 of ici/library/platform_sm.c, Can't take semaphore: Invalid argument (20)
