[i] admin pgm using SDR parm overrides from amroc.ionconfig.
wmKey:           66336
wmSize:          1000000
wmAddress:       0
sdrName:        'ion3'
sdrWmSize:       0
configFlags:     1
heapWords:       1000000
heapKey:         -1
logSize:         0
logKey:          -1
pathName:       '/usr/ion'
[?] No such directory; disabling heap residence in file and transaction reversibility: /usr/ion
Stopping ionadmin.
Stopping ionadmin.
Stopping ionsecadmin.
Stopping ltpadmin.
Stopping bpadmin.
Stopping ipnadmin.
ssssssssssssssssssssssssssssssssssssssbcdeeeeeeeeeeeeeeeeeeeeeeeeeeeeeeeeeeeeeeeeeeeeeeeeeeeeeeeeeeeeeeeefNOTE: udplso now gets transmission data rate from the contact plan.  txbps is still accepted on the command line, for backward compatibility, but it is ignored.
ggggggggggggggggggggggggggggggggggggggggggggggggggggggggggggggggNOTE: udplso now gets transmission data rate from the contact plan.  txbps is still accepted on the command line, for backward compatibility, but it is ignored.
